12:47:33 **** Incremental Build of configuration Debug for project cp02 ****
make -j4 all 
arm-none-eabi-gcc "../Core/Src/main.c" -mcpu=cortex-m0 -std=gnu11 -g3 -DDEBUG -DUSE_FULL_LL_DRIVER -DHSE_VALUE=8000000 -DHSE_STARTUP_TIMEOUT=100 -DLSE_STARTUP_TIMEOUT=5000 -DLSE_VALUE=32768 -DHSI_VALUE=8000000 -DLSI_VALUE=40000 -DVDD_VALUE=3300 -DPREFETCH_ENABLE=1 -DINSTRUCTION_CACHE_ENABLE=0 -DDATA_CACHE_ENABLE=0 -DSTM32F030x8 -c -I../Core/Inc -I../Drivers/STM32F0xx_HAL_Driver/Inc -I../Drivers/CMSIS/Device/ST/STM32F0xx/Include -I../Drivers/CMSIS/Include -O0 -ffunction-sections -fdata-sections -Wall -fstack-usage -fcyclomatic-complexity -MMD -MP -MF"Core/Src/main.d" -MT"Core/Src/main.o" --specs=nano.specs -mfloat-abi=soft -mthumb -o "Core/Src/main.o"
../Core/Src/main.c: In function 'tlacitko':
../Core/Src/main.c:119:21: warning: suggest parentheses around assignment used as truth value [-Wparentheses]
  119 |                 if (s1 =! 0) {
      |                     ^~
arm-none-eabi-gcc -o "cp02.elf" @"objects.list"   -mcpu=cortex-m0 -T"C:\Temp\xnesva08\MKS\cp02\cp02\STM32F030R8TX_FLASH.ld" --specs=nosys.specs -Wl,-Map="cp02.map" -Wl,--gc-sections -static --specs=nano.specs -mfloat-abi=soft -mthumb -Wl,--start-group -lc -lm -Wl,--end-group
Finished building target: cp02.elf
 
arm-none-eabi-size   cp02.elf 
arm-none-eabi-objdump -h -S  cp02.elf  > "cp02.list"
   text	   data	    bss	    dec	    hex	filename
   5320	     16	   1584	   6920	   1b08	cp02.elf
Finished building: default.size.stdout
 
Finished building: cp02.list
 

12:47:33 Build Finished. 0 errors, 1 warnings. (took 672ms)

