../Drivers/STM32F0xx_HAL_Driver/Inc/stm32f0xx_ll_gpio.h:268:22:LL_GPIO_SetPinMode	24	static
../Drivers/STM32F0xx_HAL_Driver/Inc/stm32f0xx_ll_gpio.h:336:22:LL_GPIO_SetPinOutputType	24	static
../Drivers/STM32F0xx_HAL_Driver/Inc/stm32f0xx_ll_gpio.h:406:22:LL_GPIO_SetPinSpeed	24	static
../Drivers/STM32F0xx_HAL_Driver/Inc/stm32f0xx_ll_gpio.h:474:22:LL_GPIO_SetPinPull	24	static
../Drivers/STM32F0xx_HAL_Driver/Inc/stm32f0xx_ll_gpio.h:537:22:LL_GPIO_SetAFPin_0_7	24	static
../Drivers/STM32F0xx_HAL_Driver/Inc/stm32f0xx_ll_gpio.h:598:22:LL_GPIO_SetAFPin_8_15	24	static
../Drivers/STM32F0xx_HAL_Driver/Inc/stm32f0xx_ll_bus.h:330:22:LL_AHB1_GRP1_ForceReset	16	static
../Drivers/STM32F0xx_HAL_Driver/Inc/stm32f0xx_ll_bus.h:357:22:LL_AHB1_GRP1_ReleaseReset	16	static
../Drivers/STM32F0xx_HAL_Driver/Src/stm32f0xx_ll_gpio.c:112:13:LL_GPIO_DeInit	24	static
../Drivers/STM32F0xx_HAL_Driver/Src/stm32f0xx_ll_gpio.c:173:13:LL_GPIO_Init	24	static
../Drivers/STM32F0xx_HAL_Driver/Src/stm32f0xx_ll_gpio.c:246:6:LL_GPIO_StructInit	16	static
