10:29:00 **** Incremental Build of configuration Debug for project cvic5 ****
make -j4 all 
arm-none-eabi-gcc "../Core/Src/main.c" -mcpu=cortex-m0 -std=gnu11 -g3 -DDEBUG -DUSE_HAL_DRIVER -DSTM32F030x8 -c -I../Core/Inc -I../Drivers/STM32F0xx_HAL_Driver/Inc -I../Drivers/STM32F0xx_HAL_Driver/Inc/Legacy -I../Drivers/CMSIS/Device/ST/STM32F0xx/Include -I../Drivers/CMSIS/Include -O0 -ffunction-sections -fdata-sections -Wall -fstack-usage -fcyclomatic-complexity -MMD -MP -MF"Core/Src/main.d" -MT"Core/Src/main.o" --specs=nano.specs -mfloat-abi=soft -mthumb -o "Core/Src/main.o"
arm-none-eabi-gcc -o "cvic5.elf" @"objects.list"   -mcpu=cortex-m0 -T"C:\Temp\xnesva08\MKS\cp05\cvic5\STM32F030R8TX_FLASH.ld" --specs=nosys.specs -Wl,-Map="cvic5.map" -Wl,--gc-sections -static --specs=nano.specs -mfloat-abi=soft -mthumb -Wl,--start-group -lc -lm -Wl,--end-group
Finished building target: cvic5.elf
 
arm-none-eabi-size   cvic5.elf 
arm-none-eabi-objdump -h -S  cvic5.elf  > "cvic5.list"
   text	   data	    bss	    dec	    hex	filename
  13964	    112	   2432	  16508	   407c	cvic5.elf
Finished building: default.size.stdout
 
Finished building: cvic5.list
 

10:29:01 Build Finished. 0 errors, 0 warnings. (took 831ms)

