../Drivers/STM32F0xx_HAL_Driver/Inc/stm32f0xx_ll_rcc.h:748:22:LL_RCC_HSI_Enable	8	static
../Drivers/STM32F0xx_HAL_Driver/Inc/stm32f0xx_ll_rcc.h:768:26:LL_RCC_HSI_IsReady	8	static
../Drivers/STM32F0xx_HAL_Driver/Inc/stm32f0xx_ll_rcc.h:794:22:LL_RCC_HSI_SetCalibTrimming	16	static
../Drivers/STM32F0xx_HAL_Driver/Inc/stm32f0xx_ll_rcc.h:1100:22:LL_RCC_SetSysClkSource	16	static
../Drivers/STM32F0xx_HAL_Driver/Inc/stm32f0xx_ll_rcc.h:1116:26:LL_RCC_GetSysClkSource	8	static
../Drivers/STM32F0xx_HAL_Driver/Inc/stm32f0xx_ll_rcc.h:1136:22:LL_RCC_SetAHBPrescaler	16	static
../Drivers/STM32F0xx_HAL_Driver/Inc/stm32f0xx_ll_rcc.h:1152:22:LL_RCC_SetAPB1Prescaler	16	static
../Drivers/STM32F0xx_HAL_Driver/Inc/stm32f0xx_ll_rcc.h:1507:22:LL_RCC_PLL_Enable	8	static
../Drivers/STM32F0xx_HAL_Driver/Inc/stm32f0xx_ll_rcc.h:1528:26:LL_RCC_PLL_IsReady	8	static
../Drivers/STM32F0xx_HAL_Driver/Inc/stm32f0xx_ll_rcc.h:1629:22:LL_RCC_PLL_ConfigDomain_SYS	16	static
../Drivers/STM32F0xx_HAL_Driver/Inc/stm32f0xx_ll_bus.h:227:22:LL_AHB1_GRP1_EnableClock	24	static
../Drivers/STM32F0xx_HAL_Driver/Inc/stm32f0xx_ll_bus.h:415:22:LL_APB1_GRP1_EnableClock	24	static
../Drivers/STM32F0xx_HAL_Driver/Inc/stm32f0xx_ll_bus.h:665:22:LL_APB1_GRP2_EnableClock	24	static
../Drivers/STM32F0xx_HAL_Driver/Inc/stm32f0xx_ll_system.h:626:22:LL_SYSCFG_SetEXTISource	24	static
../Drivers/STM32F0xx_HAL_Driver/Inc/stm32f0xx_ll_system.h:1779:22:LL_FLASH_SetLatency	16	static
../Drivers/STM32F0xx_HAL_Driver/Inc/stm32f0xx_ll_system.h:1791:26:LL_FLASH_GetLatency	8	static
../Drivers/STM32F0xx_HAL_Driver/Inc/stm32f0xx_ll_cortex.h:137:22:LL_SYSTICK_EnableIT	8	static
../Drivers/STM32F0xx_HAL_Driver/Inc/stm32f0xx_ll_usart.h:570:22:LL_USART_Enable	16	static
../Drivers/STM32F0xx_HAL_Driver/Inc/stm32f0xx_ll_usart.h:2315:22:LL_USART_ConfigAsyncMode	16	static
../Drivers/STM32F0xx_HAL_Driver/Inc/stm32f0xx_ll_usart.h:3370:22:LL_USART_DisableIT_CTS	32	static,ignoring_inline_asm
../Drivers/STM32F0xx_HAL_Driver/Inc/stm32f0xx_ll_gpio.h:268:22:LL_GPIO_SetPinMode	24	static
../Drivers/STM32F0xx_HAL_Driver/Inc/stm32f0xx_ll_gpio.h:474:22:LL_GPIO_SetPinPull	24	static
../Drivers/STM32F0xx_HAL_Driver/Inc/stm32f0xx_ll_gpio.h:758:26:LL_GPIO_IsInputPinSet	16	static
../Drivers/STM32F0xx_HAL_Driver/Inc/stm32f0xx_ll_gpio.h:839:22:LL_GPIO_SetOutputPin	16	static
../Drivers/STM32F0xx_HAL_Driver/Inc/stm32f0xx_ll_gpio.h:868:22:LL_GPIO_ResetOutputPin	16	static
../Drivers/STM32F0xx_HAL_Driver/Inc/stm32f0xx_ll_gpio.h:897:22:LL_GPIO_TogglePin	24	static
../Core/Src/main.c:62:6:blikac	8	static
../Core/Src/main.c:107:6:tlacitko	16	static
../Core/Src/main.c:151:5:main	8	static
../Core/Src/main.c:201:6:SystemClock_Config	8	static
../Core/Src/main.c:241:13:MX_USART2_UART_Init	72	static
../Core/Src/main.c:301:13:MX_GPIO_Init	48	static
../Core/Src/main.c:387:6:Error_Handler	8	static,ignoring_inline_asm
